The target system is: Android - 1 - aarch64
The host system is: Linux - 6.8.0-87-generic - x86_64
Compiling the CXX compiler identification source file "CMakeCXXCompilerId.cpp" succeeded.
Compiler: /home/mr_robot/Android/Sdk/ndk/29.0.14033849/toolchains/llvm/prebuilt/linux-x86_64/bin/clang++ 
Build flags: -g;-DANDROID;-fdata-sections;-ffunction-sections;-funwind-tables;-fstack-protector-strong;-no-canonical-prefixes;-D_FORTIFY_SOURCE=2;-Wformat;-Werror=format-security;;
Id flags: -c;--target=aarch64-none-linux-android23 

The output was:
0


Compilation of the CXX compiler identification source "CMakeCXXCompilerId.cpp" produced "CMakeCXXCompilerId.o"

The CXX compiler identification is Clang, found in "/home/mr_robot/Desktop/Git/setting_app/setting_app/build/android/CMakeFiles/3.22.1/CompilerIdCXX/CMakeCXXCompilerId.o"

Detecting CXX compiler ABI info compiled with the following output:
Change Dir: /home/mr_robot/Desktop/Git/setting_app/setting_app/build/android/CMakeFiles/CMakeTmp

Run Build Command(s):/usr/bin/gmake -f Makefile cmTC_c9876/fast && /usr/bin/gmake  -f CMakeFiles/cmTC_c9876.dir/build.make CMakeFiles/cmTC_c9876.dir/build
gmake[1]: Entering directory '/home/mr_robot/Desktop/Git/setting_app/setting_app/build/android/CMakeFiles/CMakeTmp'
Building CXX object CMakeFiles/cmTC_c9876.dir/CMakeCXXCompilerABI.cpp.o
/home/mr_robot/Android/Sdk/ndk/29.0.14033849/toolchains/llvm/prebuilt/linux-x86_64/bin/clang++ --target=aarch64-none-linux-android23 --sysroot=/home/mr_robot/Android/Sdk/ndk/29.0.14033849/toolchains/llvm/prebuilt/linux-x86_64/sysroot   -g -DANDROID -fdata-sections -ffunction-sections -funwind-tables -fstack-protector-strong -no-canonical-prefixes -D_FORTIFY_SOURCE=2 -Wformat    -fPIE   -v -MD -MT CMakeFiles/cmTC_c9876.dir/CMakeCXXCompilerABI.cpp.o -MF CMakeFiles/cmTC_c9876.dir/CMakeCXXCompilerABI.cpp.o.d -o CMakeFiles/cmTC_c9876.dir/CMakeCXXCompilerABI.cpp.o -c /usr/share/cmake-3.22/Modules/CMakeCXXCompilerABI.cpp
Android (13989888, +pgo, +bolt, +lto, +mlgo, based on r563880c) clang version 21.0.0 (https://android.googlesource.com/toolchain/llvm-project 5e96669f06077099aa41290cdb4c5e6fa0f59349)
Target: aarch64-none-linux-android23
Thread model: posix
InstalledDir: /home/mr_robot/Android/Sdk/ndk/29.0.14033849/toolchains/llvm/prebuilt/linux-x86_64/bin
 (in-process)
 "/home/mr_robot/Android/Sdk/ndk/29.0.14033849/toolchains/llvm/prebuilt/linux-x86_64/bin/clang++" -cc1 -triple aarch64-none-linux-android23 -emit-obj -disable-free -clear-ast-before-backend -disable-llvm-verifier -discard-value-names -main-file-name CMakeCXXCompilerABI.cpp -mrelocation-model pic -pic-level 2 -pic-is-pie -mframe-pointer=non-leaf -ffp-contract=on -fno-rounding-math -mconstructor-aliases -funwind-tables=2 -enable-tlsdesc -target-cpu generic -target-feature +v8a -target-feature +fp-armv8 -target-feature +neon -target-feature +fix-cortex-a53-835769 -target-abi aapcs -debug-info-kind=constructor -dwarf-version=4 -debugger-tuning=gdb -fdebug-compilation-dir=/home/mr_robot/Desktop/Git/setting_app/setting_app/build/android/CMakeFiles/CMakeTmp -v -ffunction-sections -fdata-sections -fcoverage-compilation-dir=/home/mr_robot/Desktop/Git/setting_app/setting_app/build/android/CMakeFiles/CMakeTmp -resource-dir /home/mr_robot/Android/Sdk/ndk/29.0.14033849/toolchains/llvm/prebuilt/linux-x86_64/lib/clang/21 -dependency-file CMakeFiles/cmTC_c9876.dir/CMakeCXXCompilerABI.cpp.o.d -MT CMakeFiles/cmTC_c9876.dir/CMakeCXXCompilerABI.cpp.o -sys-header-deps -D ANDROID -D _FORTIFY_SOURCE=2 -isysroot /home/mr_robot/Android/Sdk/ndk/29.0.14033849/toolchains/llvm/prebuilt/linux-x86_64/sysroot -internal-isystem /home/mr_robot/Android/Sdk/ndk/29.0.14033849/toolchains/llvm/prebuilt/linux-x86_64/sysroot/usr/include/c++/v1 -internal-isystem /home/mr_robot/Android/Sdk/ndk/29.0.14033849/toolchains/llvm/prebuilt/linux-x86_64/lib/clang/21/include -internal-isystem /home/mr_robot/Android/Sdk/ndk/29.0.14033849/toolchains/llvm/prebuilt/linux-x86_64/sysroot/usr/local/include -internal-externc-isystem /home/mr_robot/Android/Sdk/ndk/29.0.14033849/toolchains/llvm/prebuilt/linux-x86_64/sysroot/usr/include/aarch64-linux-android -internal-externc-isystem /home/mr_robot/Android/Sdk/ndk/29.0.14033849/toolchains/llvm/prebuilt/linux-x86_64/sysroot/include -internal-externc-isystem /home/mr_robot/Android/Sdk/ndk/29.0.14033849/toolchains/llvm/prebuilt/linux-x86_64/sysroot/usr/include -Wformat -fdeprecated-macro -ferror-limit 19 -femulated-tls -stack-protector 2 -fno-signed-char -fgnuc-version=4.2.1 -fskip-odr-check-in-gmf -fcxx-exceptions -fexceptions -target-feature +outline-atomics -D__GCC_HAVE_DWARF2_CFI_ASM=1 -o CMakeFiles/cmTC_c9876.dir/CMakeCXXCompilerABI.cpp.o -x c++ /usr/share/cmake-3.22/Modules/CMakeCXXCompilerABI.cpp
clang -cc1 version 21.0.0 based upon LLVM 21.0.0 default target x86_64-unknown-linux-gnu
ignoring nonexistent directory "/home/mr_robot/Android/Sdk/ndk/29.0.14033849/toolchains/llvm/prebuilt/linux-x86_64/sysroot/usr/local/include"
ignoring nonexistent directory "/home/mr_robot/Android/Sdk/ndk/29.0.14033849/toolchains/llvm/prebuilt/linux-x86_64/sysroot/include"
#include "..." search starts here:
#include <...> search starts here:
 /home/mr_robot/Android/Sdk/ndk/29.0.14033849/toolchains/llvm/prebuilt/linux-x86_64/sysroot/usr/include/c++/v1
 /home/mr_robot/Android/Sdk/ndk/29.0.14033849/toolchains/llvm/prebuilt/linux-x86_64/lib/clang/21/include
 /home/mr_robot/Android/Sdk/ndk/29.0.14033849/toolchains/llvm/prebuilt/linux-x86_64/sysroot/usr/include/aarch64-linux-android
 /home/mr_robot/Android/Sdk/ndk/29.0.14033849/toolchains/llvm/prebuilt/linux-x86_64/sysroot/usr/include
End of search list.
Linking CXX executable cmTC_c9876
/usr/bin/cmake -E cmake_link_script CMakeFiles/cmTC_c9876.dir/link.txt --verbose=1
/home/mr_robot/Android/Sdk/ndk/29.0.14033849/toolchains/llvm/prebuilt/linux-x86_64/bin/clang++ --target=aarch64-none-linux-android23 --sysroot=/home/mr_robot/Android/Sdk/ndk/29.0.14033849/toolchains/llvm/prebuilt/linux-x86_64/sysroot -g -DANDROID -fdata-sections -ffunction-sections -funwind-tables -fstack-protector-strong -no-canonical-prefixes -D_FORTIFY_SOURCE=2 -Wformat    -static-libstdc++ -Wl,--build-id=sha1 -Wl,--no-rosegment -Wl,--no-undefined-version -Wl,--fatal-warnings -Wl,--no-undefined -Qunused-arguments   -v CMakeFiles/cmTC_c9876.dir/CMakeCXXCompilerABI.cpp.o -o cmTC_c9876 
Android (13989888, +pgo, +bolt, +lto, +mlgo, based on r563880c) clang version 21.0.0 (https://android.googlesource.com/toolchain/llvm-project 5e96669f06077099aa41290cdb4c5e6fa0f59349)
Target: aarch64-none-linux-android23
Thread model: posix
InstalledDir: /home/mr_robot/Android/Sdk/ndk/29.0.14033849/toolchains/llvm/prebuilt/linux-x86_64/bin
 "/home/mr_robot/Android/Sdk/ndk/29.0.14033849/toolchains/llvm/prebuilt/linux-x86_64/bin/ld.lld" --sysroot=/home/mr_robot/Android/Sdk/ndk/29.0.14033849/toolchains/llvm/prebuilt/linux-x86_64/sysroot -EL --fix-cortex-a53-843419 -z now -z relro -z max-page-size=16384 --no-rosegment --hash-style=gnu --eh-frame-hdr -m aarch64linux -pie -dynamic-linker /system/bin/linker64 -o cmTC_c9876 /home/mr_robot/Android/Sdk/ndk/29.0.14033849/toolchains/llvm/prebuilt/linux-x86_64/sysroot/usr/lib/aarch64-linux-android/23/crtbegin_dynamic.o -L/home/mr_robot/Android/Sdk/ndk/29.0.14033849/toolchains/llvm/prebuilt/linux-x86_64/lib/clang/21/lib/linux/aarch64 -L/home/mr_robot/Android/Sdk/ndk/29.0.14033849/toolchains/llvm/prebuilt/linux-x86_64/sysroot/usr/lib/aarch64-linux-android/23 -L/home/mr_robot/Android/Sdk/ndk/29.0.14033849/toolchains/llvm/prebuilt/linux-x86_64/sysroot/usr/lib/aarch64-linux-android -L/home/mr_robot/Android/Sdk/ndk/29.0.14033849/toolchains/llvm/prebuilt/linux-x86_64/sysroot/usr/lib --build-id=sha1 --no-rosegment --no-undefined-version --fatal-warnings --no-undefined CMakeFiles/cmTC_c9876.dir/CMakeCXXCompilerABI.cpp.o -Bstatic -lc++ -Bdynamic -lm /home/mr_robot/Android/Sdk/ndk/29.0.14033849/toolchains/llvm/prebuilt/linux-x86_64/lib/clang/21/lib/linux/libclang_rt.builtins-aarch64-android.a -l:libunwind.a -ldl -lc /home/mr_robot/Android/Sdk/ndk/29.0.14033849/toolchains/llvm/prebuilt/linux-x86_64/lib/clang/21/lib/linux/libclang_rt.builtins-aarch64-android.a -l:libunwind.a -ldl /home/mr_robot/Android/Sdk/ndk/29.0.14033849/toolchains/llvm/prebuilt/linux-x86_64/sysroot/usr/lib/aarch64-linux-android/23/crtend_android.o
gmake[1]: Leaving directory '/home/mr_robot/Desktop/Git/setting_app/setting_app/build/android/CMakeFiles/CMakeTmp'



Parsed CXX implicit include dir info from above output: rv=done
  found start of include info
  found start of implicit include info
    add: [/home/mr_robot/Android/Sdk/ndk/29.0.14033849/toolchains/llvm/prebuilt/linux-x86_64/sysroot/usr/include/c++/v1]
    add: [/home/mr_robot/Android/Sdk/ndk/29.0.14033849/toolchains/llvm/prebuilt/linux-x86_64/lib/clang/21/include]
    add: [/home/mr_robot/Android/Sdk/ndk/29.0.14033849/toolchains/llvm/prebuilt/linux-x86_64/sysroot/usr/include/aarch64-linux-android]
    add: [/home/mr_robot/Android/Sdk/ndk/29.0.14033849/toolchains/llvm/prebuilt/linux-x86_64/sysroot/usr/include]
  end of search list found
  collapse include dir [/home/mr_robot/Android/Sdk/ndk/29.0.14033849/toolchains/llvm/prebuilt/linux-x86_64/sysroot/usr/include/c++/v1] ==> [/home/mr_robot/Android/Sdk/ndk/29.0.14033849/toolchains/llvm/prebuilt/linux-x86_64/sysroot/usr/include/c++/v1]
  collapse include dir [/home/mr_robot/Android/Sdk/ndk/29.0.14033849/toolchains/llvm/prebuilt/linux-x86_64/lib/clang/21/include] ==> [/home/mr_robot/Android/Sdk/ndk/29.0.14033849/toolchains/llvm/prebuilt/linux-x86_64/lib/clang/21/include]
  collapse include dir [/home/mr_robot/Android/Sdk/ndk/29.0.14033849/toolchains/llvm/prebuilt/linux-x86_64/sysroot/usr/include/aarch64-linux-android] ==> [/home/mr_robot/Android/Sdk/ndk/29.0.14033849/toolchains/llvm/prebuilt/linux-x86_64/sysroot/usr/include/aarch64-linux-android]
  collapse include dir [/home/mr_robot/Android/Sdk/ndk/29.0.14033849/toolchains/llvm/prebuilt/linux-x86_64/sysroot/usr/include] ==> [/home/mr_robot/Android/Sdk/ndk/29.0.14033849/toolchains/llvm/prebuilt/linux-x86_64/sysroot/usr/include]
  implicit include dirs: [/home/mr_robot/Android/Sdk/ndk/29.0.14033849/toolchains/llvm/prebuilt/linux-x86_64/sysroot/usr/include/c++/v1;/home/mr_robot/Android/Sdk/ndk/29.0.14033849/toolchains/llvm/prebuilt/linux-x86_64/lib/clang/21/include;/home/mr_robot/Android/Sdk/ndk/29.0.14033849/toolchains/llvm/prebuilt/linux-x86_64/sysroot/usr/include/aarch64-linux-android;/home/mr_robot/Android/Sdk/ndk/29.0.14033849/toolchains/llvm/prebuilt/linux-x86_64/sysroot/usr/include]


Parsed CXX implicit link information from above output:
  link line regex: [^( *|.*[/\])(ld\.lld|CMAKE_LINK_STARTFILE-NOTFOUND|([^/\]+-)?ld|collect2)[^/\]*( |$)]
  ignore line: [Change Dir: /home/mr_robot/Desktop/Git/setting_app/setting_app/build/android/CMakeFiles/CMakeTmp]
  ignore line: []
  ignore line: [Run Build Command(s):/usr/bin/gmake -f Makefile cmTC_c9876/fast && /usr/bin/gmake  -f CMakeFiles/cmTC_c9876.dir/build.make CMakeFiles/cmTC_c9876.dir/build]
  ignore line: [gmake[1]: Entering directory '/home/mr_robot/Desktop/Git/setting_app/setting_app/build/android/CMakeFiles/CMakeTmp']
  ignore line: [Building CXX object CMakeFiles/cmTC_c9876.dir/CMakeCXXCompilerABI.cpp.o]
  ignore line: [/home/mr_robot/Android/Sdk/ndk/29.0.14033849/toolchains/llvm/prebuilt/linux-x86_64/bin/clang++ --target=aarch64-none-linux-android23 --sysroot=/home/mr_robot/Android/Sdk/ndk/29.0.14033849/toolchains/llvm/prebuilt/linux-x86_64/sysroot   -g -DANDROID -fdata-sections -ffunction-sections -funwind-tables -fstack-protector-strong -no-canonical-prefixes -D_FORTIFY_SOURCE=2 -Wformat    -fPIE   -v -MD -MT CMakeFiles/cmTC_c9876.dir/CMakeCXXCompilerABI.cpp.o -MF CMakeFiles/cmTC_c9876.dir/CMakeCXXCompilerABI.cpp.o.d -o CMakeFiles/cmTC_c9876.dir/CMakeCXXCompilerABI.cpp.o -c /usr/share/cmake-3.22/Modules/CMakeCXXCompilerABI.cpp]
  ignore line: [Android (13989888  +pgo  +bolt  +lto  +mlgo  based on r563880c) clang version 21.0.0 (https://android.googlesource.com/toolchain/llvm-project 5e96669f06077099aa41290cdb4c5e6fa0f59349)]
  ignore line: [Target: aarch64-none-linux-android23]
  ignore line: [Thread model: posix]
  ignore line: [InstalledDir: /home/mr_robot/Android/Sdk/ndk/29.0.14033849/toolchains/llvm/prebuilt/linux-x86_64/bin]
  ignore line: [ (in-process)]
  ignore line: [ "/home/mr_robot/Android/Sdk/ndk/29.0.14033849/toolchains/llvm/prebuilt/linux-x86_64/bin/clang++" -cc1 -triple aarch64-none-linux-android23 -emit-obj -disable-free -clear-ast-before-backend -disable-llvm-verifier -discard-value-names -main-file-name CMakeCXXCompilerABI.cpp -mrelocation-model pic -pic-level 2 -pic-is-pie -mframe-pointer=non-leaf -ffp-contract=on -fno-rounding-math -mconstructor-aliases -funwind-tables=2 -enable-tlsdesc -target-cpu generic -target-feature +v8a -target-feature +fp-armv8 -target-feature +neon -target-feature +fix-cortex-a53-835769 -target-abi aapcs -debug-info-kind=constructor -dwarf-version=4 -debugger-tuning=gdb -fdebug-compilation-dir=/home/mr_robot/Desktop/Git/setting_app/setting_app/build/android/CMakeFiles/CMakeTmp -v -ffunction-sections -fdata-sections -fcoverage-compilation-dir=/home/mr_robot/Desktop/Git/setting_app/setting_app/build/android/CMakeFiles/CMakeTmp -resource-dir /home/mr_robot/Android/Sdk/ndk/29.0.14033849/toolchains/llvm/prebuilt/linux-x86_64/lib/clang/21 -dependency-file CMakeFiles/cmTC_c9876.dir/CMakeCXXCompilerABI.cpp.o.d -MT CMakeFiles/cmTC_c9876.dir/CMakeCXXCompilerABI.cpp.o -sys-header-deps -D ANDROID -D _FORTIFY_SOURCE=2 -isysroot /home/mr_robot/Android/Sdk/ndk/29.0.14033849/toolchains/llvm/prebuilt/linux-x86_64/sysroot -internal-isystem /home/mr_robot/Android/Sdk/ndk/29.0.14033849/toolchains/llvm/prebuilt/linux-x86_64/sysroot/usr/include/c++/v1 -internal-isystem /home/mr_robot/Android/Sdk/ndk/29.0.14033849/toolchains/llvm/prebuilt/linux-x86_64/lib/clang/21/include -internal-isystem /home/mr_robot/Android/Sdk/ndk/29.0.14033849/toolchains/llvm/prebuilt/linux-x86_64/sysroot/usr/local/include -internal-externc-isystem /home/mr_robot/Android/Sdk/ndk/29.0.14033849/toolchains/llvm/prebuilt/linux-x86_64/sysroot/usr/include/aarch64-linux-android -internal-externc-isystem /home/mr_robot/Android/Sdk/ndk/29.0.14033849/toolchains/llvm/prebuilt/linux-x86_64/sysroot/include -internal-externc-isystem /home/mr_robot/Android/Sdk/ndk/29.0.14033849/toolchains/llvm/prebuilt/linux-x86_64/sysroot/usr/include -Wformat -fdeprecated-macro -ferror-limit 19 -femulated-tls -stack-protector 2 -fno-signed-char -fgnuc-version=4.2.1 -fskip-odr-check-in-gmf -fcxx-exceptions -fexceptions -target-feature +outline-atomics -D__GCC_HAVE_DWARF2_CFI_ASM=1 -o CMakeFiles/cmTC_c9876.dir/CMakeCXXCompilerABI.cpp.o -x c++ /usr/share/cmake-3.22/Modules/CMakeCXXCompilerABI.cpp]
  ignore line: [clang -cc1 version 21.0.0 based upon LLVM 21.0.0 default target x86_64-unknown-linux-gnu]
  ignore line: [ignoring nonexistent directory "/home/mr_robot/Android/Sdk/ndk/29.0.14033849/toolchains/llvm/prebuilt/linux-x86_64/sysroot/usr/local/include"]
  ignore line: [ignoring nonexistent directory "/home/mr_robot/Android/Sdk/ndk/29.0.14033849/toolchains/llvm/prebuilt/linux-x86_64/sysroot/include"]
  ignore line: [#include "..." search starts here:]
  ignore line: [#include <...> search starts here:]
  ignore line: [ /home/mr_robot/Android/Sdk/ndk/29.0.14033849/toolchains/llvm/prebuilt/linux-x86_64/sysroot/usr/include/c++/v1]
  ignore line: [ /home/mr_robot/Android/Sdk/ndk/29.0.14033849/toolchains/llvm/prebuilt/linux-x86_64/lib/clang/21/include]
  ignore line: [ /home/mr_robot/Android/Sdk/ndk/29.0.14033849/toolchains/llvm/prebuilt/linux-x86_64/sysroot/usr/include/aarch64-linux-android]
  ignore line: [ /home/mr_robot/Android/Sdk/ndk/29.0.14033849/toolchains/llvm/prebuilt/linux-x86_64/sysroot/usr/include]
  ignore line: [End of search list.]
  ignore line: [Linking CXX executable cmTC_c9876]
  ignore line: [/usr/bin/cmake -E cmake_link_script CMakeFiles/cmTC_c9876.dir/link.txt --verbose=1]
  ignore line: [/home/mr_robot/Android/Sdk/ndk/29.0.14033849/toolchains/llvm/prebuilt/linux-x86_64/bin/clang++ --target=aarch64-none-linux-android23 --sysroot=/home/mr_robot/Android/Sdk/ndk/29.0.14033849/toolchains/llvm/prebuilt/linux-x86_64/sysroot -g -DANDROID -fdata-sections -ffunction-sections -funwind-tables -fstack-protector-strong -no-canonical-prefixes -D_FORTIFY_SOURCE=2 -Wformat    -static-libstdc++ -Wl --build-id=sha1 -Wl --no-rosegment -Wl --no-undefined-version -Wl --fatal-warnings -Wl --no-undefined -Qunused-arguments   -v CMakeFiles/cmTC_c9876.dir/CMakeCXXCompilerABI.cpp.o -o cmTC_c9876 ]
  ignore line: [Android (13989888  +pgo  +bolt  +lto  +mlgo  based on r563880c) clang version 21.0.0 (https://android.googlesource.com/toolchain/llvm-project 5e96669f06077099aa41290cdb4c5e6fa0f59349)]
  ignore line: [Target: aarch64-none-linux-android23]
  ignore line: [Thread model: posix]
  ignore line: [InstalledDir: /home/mr_robot/Android/Sdk/ndk/29.0.14033849/toolchains/llvm/prebuilt/linux-x86_64/bin]
  link line: [ "/home/mr_robot/Android/Sdk/ndk/29.0.14033849/toolchains/llvm/prebuilt/linux-x86_64/bin/ld.lld" --sysroot=/home/mr_robot/Android/Sdk/ndk/29.0.14033849/toolchains/llvm/prebuilt/linux-x86_64/sysroot -EL --fix-cortex-a53-843419 -z now -z relro -z max-page-size=16384 --no-rosegment --hash-style=gnu --eh-frame-hdr -m aarch64linux -pie -dynamic-linker /system/bin/linker64 -o cmTC_c9876 /home/mr_robot/Android/Sdk/ndk/29.0.14033849/toolchains/llvm/prebuilt/linux-x86_64/sysroot/usr/lib/aarch64-linux-android/23/crtbegin_dynamic.o -L/home/mr_robot/Android/Sdk/ndk/29.0.14033849/toolchains/llvm/prebuilt/linux-x86_64/lib/clang/21/lib/linux/aarch64 -L/home/mr_robot/Android/Sdk/ndk/29.0.14033849/toolchains/llvm/prebuilt/linux-x86_64/sysroot/usr/lib/aarch64-linux-android/23 -L/home/mr_robot/Android/Sdk/ndk/29.0.14033849/toolchains/llvm/prebuilt/linux-x86_64/sysroot/usr/lib/aarch64-linux-android -L/home/mr_robot/Android/Sdk/ndk/29.0.14033849/toolchains/llvm/prebuilt/linux-x86_64/sysroot/usr/lib --build-id=sha1 --no-rosegment --no-undefined-version --fatal-warnings --no-undefined CMakeFiles/cmTC_c9876.dir/CMakeCXXCompilerABI.cpp.o -Bstatic -lc++ -Bdynamic -lm /home/mr_robot/Android/Sdk/ndk/29.0.14033849/toolchains/llvm/prebuilt/linux-x86_64/lib/clang/21/lib/linux/libclang_rt.builtins-aarch64-android.a -l:libunwind.a -ldl -lc /home/mr_robot/Android/Sdk/ndk/29.0.14033849/toolchains/llvm/prebuilt/linux-x86_64/lib/clang/21/lib/linux/libclang_rt.builtins-aarch64-android.a -l:libunwind.a -ldl /home/mr_robot/Android/Sdk/ndk/29.0.14033849/toolchains/llvm/prebuilt/linux-x86_64/sysroot/usr/lib/aarch64-linux-android/23/crtend_android.o]
    arg [/home/mr_robot/Android/Sdk/ndk/29.0.14033849/toolchains/llvm/prebuilt/linux-x86_64/bin/ld.lld] ==> ignore
    arg [--sysroot=/home/mr_robot/Android/Sdk/ndk/29.0.14033849/toolchains/llvm/prebuilt/linux-x86_64/sysroot] ==> ignore
    arg [-EL] ==> ignore
    arg [--fix-cortex-a53-843419] ==> ignore
    arg [-znow] ==> ignore
    arg [-zrelro] ==> ignore
    arg [-zmax-page-size=16384] ==> ignore
    arg [--no-rosegment] ==> ignore
    arg [--hash-style=gnu] ==> ignore
    arg [--eh-frame-hdr] ==> ignore
    arg [-m] ==> ignore
    arg [aarch64linux] ==> ignore
    arg [-pie] ==> ignore
    arg [-dynamic-linker] ==> ignore
    arg [/system/bin/linker64] ==> ignore
    arg [-o] ==> ignore
    arg [cmTC_c9876] ==> ignore
    arg [/home/mr_robot/Android/Sdk/ndk/29.0.14033849/toolchains/llvm/prebuilt/linux-x86_64/sysroot/usr/lib/aarch64-linux-android/23/crtbegin_dynamic.o] ==> obj [/home/mr_robot/Android/Sdk/ndk/29.0.14033849/toolchains/llvm/prebuilt/linux-x86_64/sysroot/usr/lib/aarch64-linux-android/23/crtbegin_dynamic.o]
    arg [-L/home/mr_robot/Android/Sdk/ndk/29.0.14033849/toolchains/llvm/prebuilt/linux-x86_64/lib/clang/21/lib/linux/aarch64] ==> dir [/home/mr_robot/Android/Sdk/ndk/29.0.14033849/toolchains/llvm/prebuilt/linux-x86_64/lib/clang/21/lib/linux/aarch64]
    arg [-L/home/mr_robot/Android/Sdk/ndk/29.0.14033849/toolchains/llvm/prebuilt/linux-x86_64/sysroot/usr/lib/aarch64-linux-android/23] ==> dir [/home/mr_robot/Android/Sdk/ndk/29.0.14033849/toolchains/llvm/prebuilt/linux-x86_64/sysroot/usr/lib/aarch64-linux-android/23]
    arg [-L/home/mr_robot/Android/Sdk/ndk/29.0.14033849/toolchains/llvm/prebuilt/linux-x86_64/sysroot/usr/lib/aarch64-linux-android] ==> dir [/home/mr_robot/Android/Sdk/ndk/29.0.14033849/toolchains/llvm/prebuilt/linux-x86_64/sysroot/usr/lib/aarch64-linux-android]
    arg [-L/home/mr_robot/Android/Sdk/ndk/29.0.14033849/toolchains/llvm/prebuilt/linux-x86_64/sysroot/usr/lib] ==> dir [/home/mr_robot/Android/Sdk/ndk/29.0.14033849/toolchains/llvm/prebuilt/linux-x86_64/sysroot/usr/lib]
    arg [--build-id=sha1] ==> ignore
    arg [--no-rosegment] ==> ignore
    arg [--no-undefined-version] ==> ignore
    arg [--fatal-warnings] ==> ignore
    arg [--no-undefined] ==> ignore
    arg [CMakeFiles/cmTC_c9876.dir/CMakeCXXCompilerABI.cpp.o] ==> ignore
    arg [-Bstatic] ==> search static
    arg [-lc++] ==> lib [c++]
    arg [-Bdynamic] ==> search dynamic
    arg [-lm] ==> lib [m]
    arg [/home/mr_robot/Android/Sdk/ndk/29.0.14033849/toolchains/llvm/prebuilt/linux-x86_64/lib/clang/21/lib/linux/libclang_rt.builtins-aarch64-android.a] ==> lib [/home/mr_robot/Android/Sdk/ndk/29.0.14033849/toolchains/llvm/prebuilt/linux-x86_64/lib/clang/21/lib/linux/libclang_rt.builtins-aarch64-android.a]
    arg [-l:libunwind.a] ==> lib [-l:libunwind.a]
    arg [-ldl] ==> lib [dl]
    arg [-lc] ==> lib [c]
    arg [/home/mr_robot/Android/Sdk/ndk/29.0.14033849/toolchains/llvm/prebuilt/linux-x86_64/lib/clang/21/lib/linux/libclang_rt.builtins-aarch64-android.a] ==> lib [/home/mr_robot/Android/Sdk/ndk/29.0.14033849/toolchains/llvm/prebuilt/linux-x86_64/lib/clang/21/lib/linux/libclang_rt.builtins-aarch64-android.a]
    arg [-l:libunwind.a] ==> lib [-l:libunwind.a]
    arg [-ldl] ==> lib [dl]
    arg [/home/mr_robot/Android/Sdk/ndk/29.0.14033849/toolchains/llvm/prebuilt/linux-x86_64/sysroot/usr/lib/aarch64-linux-android/23/crtend_android.o] ==> obj [/home/mr_robot/Android/Sdk/ndk/29.0.14033849/toolchains/llvm/prebuilt/linux-x86_64/sysroot/usr/lib/aarch64-linux-android/23/crtend_android.o]
  remove lib [/home/mr_robot/Android/Sdk/ndk/29.0.14033849/toolchains/llvm/prebuilt/linux-x86_64/lib/clang/21/lib/linux/libclang_rt.builtins-aarch64-android.a]
  remove lib [/home/mr_robot/Android/Sdk/ndk/29.0.14033849/toolchains/llvm/prebuilt/linux-x86_64/lib/clang/21/lib/linux/libclang_rt.builtins-aarch64-android.a]
  collapse library dir [/home/mr_robot/Android/Sdk/ndk/29.0.14033849/toolchains/llvm/prebuilt/linux-x86_64/lib/clang/21/lib/linux/aarch64] ==> [/home/mr_robot/Android/Sdk/ndk/29.0.14033849/toolchains/llvm/prebuilt/linux-x86_64/lib/clang/21/lib/linux/aarch64]
  collapse library dir [/home/mr_robot/Android/Sdk/ndk/29.0.14033849/toolchains/llvm/prebuilt/linux-x86_64/sysroot/usr/lib/aarch64-linux-android/23] ==> [/home/mr_robot/Android/Sdk/ndk/29.0.14033849/toolchains/llvm/prebuilt/linux-x86_64/sysroot/usr/lib/aarch64-linux-android/23]
  collapse library dir [/home/mr_robot/Android/Sdk/ndk/29.0.14033849/toolchains/llvm/prebuilt/linux-x86_64/sysroot/usr/lib/aarch64-linux-android] ==> [/home/mr_robot/Android/Sdk/ndk/29.0.14033849/toolchains/llvm/prebuilt/linux-x86_64/sysroot/usr/lib/aarch64-linux-android]
  collapse library dir [/home/mr_robot/Android/Sdk/ndk/29.0.14033849/toolchains/llvm/prebuilt/linux-x86_64/sysroot/usr/lib] ==> [/home/mr_robot/Android/Sdk/ndk/29.0.14033849/toolchains/llvm/prebuilt/linux-x86_64/sysroot/usr/lib]
  implicit libs: [c++;m;-l:libunwind.a;dl;c;-l:libunwind.a;dl]
  implicit objs: [/home/mr_robot/Android/Sdk/ndk/29.0.14033849/toolchains/llvm/prebuilt/linux-x86_64/sysroot/usr/lib/aarch64-linux-android/23/crtbegin_dynamic.o;/home/mr_robot/Android/Sdk/ndk/29.0.14033849/toolchains/llvm/prebuilt/linux-x86_64/sysroot/usr/lib/aarch64-linux-android/23/crtend_android.o]
  implicit dirs: [/home/mr_robot/Android/Sdk/ndk/29.0.14033849/toolchains/llvm/prebuilt/linux-x86_64/lib/clang/21/lib/linux/aarch64;/home/mr_robot/Android/Sdk/ndk/29.0.14033849/toolchains/llvm/prebuilt/linux-x86_64/sysroot/usr/lib/aarch64-linux-android/23;/home/mr_robot/Android/Sdk/ndk/29.0.14033849/toolchains/llvm/prebuilt/linux-x86_64/sysroot/usr/lib/aarch64-linux-android;/home/mr_robot/Android/Sdk/ndk/29.0.14033849/toolchains/llvm/prebuilt/linux-x86_64/sysroot/usr/lib]
  implicit fwks: []


