Performing C++ SOURCE FILE Test CMAKE_HAVE_LIBC_PTHREAD failed with the following output:
Change Dir: /home/mr_robot/Desktop/Git/setting_app/setting_app/build/android-arm64/CMakeFiles/CMakeTmp

Run Build Command(s):/usr/bin/gmake -f Makefile cmTC_2306f/fast && /usr/bin/gmake  -f CMakeFiles/cmTC_2306f.dir/build.make CMakeFiles/cmTC_2306f.dir/build
gmake[1]: Entering directory '/home/mr_robot/Desktop/Git/setting_app/setting_app/build/android-arm64/CMakeFiles/CMakeTmp'
Building CXX object CMakeFiles/cmTC_2306f.dir/src.cxx.o
/home/mr_robot/Android/Sdk/ndk/29.0.14033849/toolchains/llvm/prebuilt/linux-x86_64/bin/clang++ --target=aarch64-none-linux-android26 --sysroot=/home/mr_robot/Android/Sdk/ndk/29.0.14033849/toolchains/llvm/prebuilt/linux-x86_64/sysroot -DCMAKE_HAVE_LIBC_PTHREAD  -g -DANDROID -fdata-sections -ffunction-sections -funwind-tables -fstack-protector-strong -no-canonical-prefixes -D_FORTIFY_SOURCE=2 -Wformat -Werror=format-security    -fPIE -MD -MT CMakeFiles/cmTC_2306f.dir/src.cxx.o -MF CMakeFiles/cmTC_2306f.dir/src.cxx.o.d -o CMakeFiles/cmTC_2306f.dir/src.cxx.o -c /home/mr_robot/Desktop/Git/setting_app/setting_app/build/android-arm64/CMakeFiles/CMakeTmp/src.cxx
/home/mr_robot/Desktop/Git/setting_app/setting_app/build/android-arm64/CMakeFiles/CMakeTmp/src.cxx:13:3: error: use of undeclared identifier 'pthread_cancel'
   13 |   pthread_cancel(thread);
      |   ^
1 error generated.
gmake[1]: *** [CMakeFiles/cmTC_2306f.dir/build.make:79: CMakeFiles/cmTC_2306f.dir/src.cxx.o] Error 1
gmake[1]: Leaving directory '/home/mr_robot/Desktop/Git/setting_app/setting_app/build/android-arm64/CMakeFiles/CMakeTmp'
gmake: *** [Makefile:127: cmTC_2306f/fast] Error 2


Source file was:
#include <pthread.h>

static void* test_func(void* data)
{
  return data;
}

int main(void)
{
  pthread_t thread;
  pthread_create(&thread, NULL, test_func, NULL);
  pthread_detach(thread);
  pthread_cancel(thread);
  pthread_join(thread, NULL);
  pthread_atfork(NULL, NULL, NULL);
  pthread_exit(NULL);

  return 0;
}

